

================================================================
== Vitis HLS Report for 'cnn_Pipeline_7'
================================================================
* Date:           Mon Mar 27 10:48:10 2023

* Version:        2022.2 (Build 3670227 on Oct 13 2022)
* Project:        Project
* Solution:       solution1 (Vivado IP Flow Target)
* Product family: artix7
* Target device:  xc7a200t-fbg484-1


================================================================
== Performance Estimates
================================================================
+ Timing: 
    * Summary: 
    +--------+----------+----------+------------+
    |  Clock |  Target  | Estimated| Uncertainty|
    +--------+----------+----------+------------+
    |ap_clk  |  10.00 ns|  5.817 ns|     2.70 ns|
    +--------+----------+----------+------------+

+ Latency: 
    * Summary: 
    +---------+---------+----------+----------+-----+-----+---------+
    |  Latency (cycles) |  Latency (absolute) |  Interval | Pipeline|
    |   min   |   max   |    min   |    max   | min | max |   Type  |
    +---------+---------+----------+----------+-----+-----+---------+
    |       12|       12|  0.120 us|  0.120 us|   12|   12|       no|
    +---------+---------+----------+----------+-----+-----+---------+

    + Detail: 
        * Instance: 
        N/A

        * Loop: 
        +----------+---------+---------+----------+-----------+-----------+------+----------+
        |          |  Latency (cycles) | Iteration|  Initiation Interval  | Trip |          |
        | Loop Name|   min   |   max   |  Latency |  achieved |   target  | Count| Pipelined|
        +----------+---------+---------+----------+-----------+-----------+------+----------+
        |- Loop 1  |       10|       10|         3|          1|          1|     9|       yes|
        +----------+---------+---------+----------+-----------+-----------+------+----------+

============================================================
+ Verbose Summary: Synthesis Manager
============================================================
InlineROM: 1
ExposeGlobal: 0
============================================================
+ Verbose Summary: CDFG Model
============================================================
IsTopModel: 0
ResetActiveHigh: 1
IsCombinational: 0
IsDatapathOnly: 0
HasWiredReturn: 1
HasMFsm: 2
HasVarLatency: 1
IsPipeline: 0
IsRtlPipelined: 0
IsInstanceOverlapped: 0
IsDontTouch: 0
HasImplIP: 0
IsGatedGlobalClock: 0

+ Individual pipeline summary: 
  * Pipeline-0: initiation interval (II) = 1, depth = 3


============================================================
+ Verbose Summary: Schedule
============================================================
* Number of FSM states : 3
* Pipeline : 1
  Pipeline-0 : II = 1, D = 3, States = { 1 2 3 }
* Dataflow Pipeline: 0

* FSM state transitions: 
1 --> 2 
2 --> 3 
3 --> 

* FSM state operations: 

State 1 <SV = 0> <Delay = 5.81>
ST_1 : Operation 6 [1/1] (0.00ns)   --->   "%phi_urem59 = alloca i32 1"   --->   Operation 6 'alloca' 'phi_urem59' <Predicate = true> <Delay = 0.00>
ST_1 : Operation 7 [1/1] (0.00ns)   --->   "%phi_mul57 = alloca i32 1"   --->   Operation 7 'alloca' 'phi_mul57' <Predicate = true> <Delay = 0.00>
ST_1 : Operation 8 [1/1] (0.00ns)   --->   "%loop_index26 = alloca i32 1"   --->   Operation 8 'alloca' 'loop_index26' <Predicate = true> <Delay = 0.00>
ST_1 : Operation 9 [1/1] (0.00ns)   --->   "%specinterface_ln0 = specinterface void @_ssdm_op_SpecInterface, i32 %weight_buf, void @empty_3, i32 0, i32 0, void @empty_0, i32 4294967295, i32 0, void @empty_0, void @empty_0, void @empty_0, i32 0, i32 0, i32 0, i32 0, void @empty_0, void @empty_0, i32 4294967295, i32 0"   --->   Operation 9 'specinterface' 'specinterface_ln0' <Predicate = true> <Delay = 0.00>
ST_1 : Operation 10 [1/1] (1.61ns)   --->   "%store_ln0 = store i4 0, i4 %loop_index26"   --->   Operation 10 'store' 'store_ln0' <Predicate = true> <Delay = 1.61>
ST_1 : Operation 11 [1/1] (1.61ns)   --->   "%store_ln0 = store i8 0, i8 %phi_mul57"   --->   Operation 11 'store' 'store_ln0' <Predicate = true> <Delay = 1.61>
ST_1 : Operation 12 [1/1] (1.61ns)   --->   "%store_ln0 = store i4 0, i4 %phi_urem59"   --->   Operation 12 'store' 'store_ln0' <Predicate = true> <Delay = 1.61>
ST_1 : Operation 13 [1/1] (0.00ns)   --->   "%br_ln0 = br void %load-store-loop25"   --->   Operation 13 'br' 'br_ln0' <Predicate = true> <Delay = 0.00>
ST_1 : Operation 14 [1/1] (0.00ns)   --->   "%loop_index26_load = load i4 %loop_index26"   --->   Operation 14 'load' 'loop_index26_load' <Predicate = true> <Delay = 0.00>
ST_1 : Operation 15 [1/1] (0.00ns)   --->   "%specpipeline_ln0 = specpipeline void @_ssdm_op_SpecPipeline, i32 4294967295, i32 0, i32 1, i32 0, void @p_str"   --->   Operation 15 'specpipeline' 'specpipeline_ln0' <Predicate = true> <Delay = 0.00>
ST_1 : Operation 16 [1/1] (1.44ns)   --->   "%exitcond464 = icmp_eq  i4 %loop_index26_load, i4 9"   --->   Operation 16 'icmp' 'exitcond464' <Predicate = true> <Delay = 1.44> <CoreInst = "Cmp">   --->   Core 9 'Cmp' <Latency = 0> <II = 1> <Delay = 1.44> <FuncUnit> <Opcode : 'icmp'> <InPorts = 2> <OutPorts = 1>
ST_1 : Operation 17 [1/1] (0.00ns)   --->   "%empty = speclooptripcount i32 @_ssdm_op_SpecLoopTripCount, i64 9, i64 9, i64 9"   --->   Operation 17 'speclooptripcount' 'empty' <Predicate = true> <Delay = 0.00>
ST_1 : Operation 18 [1/1] (1.77ns)   --->   "%empty_130 = add i4 %loop_index26_load, i4 1"   --->   Operation 18 'add' 'empty_130' <Predicate = true> <Delay = 1.77> <CoreInst = "Adder">   --->   Core 1 'Adder' <Latency = 0> <II = 1> <Delay = 1.77> <FuncUnit> <Opcode : 'add' 'sub'> <InPorts = 2> <OutPorts = 1>
ST_1 : Operation 19 [1/1] (0.00ns)   --->   "%br_ln0 = br i1 %exitcond464, void %load-store-loop25.split, void %load-store-loop22.preheader.exitStub"   --->   Operation 19 'br' 'br_ln0' <Predicate = true> <Delay = 0.00>
ST_1 : Operation 20 [1/1] (0.00ns)   --->   "%phi_urem59_load = load i4 %phi_urem59"   --->   Operation 20 'load' 'phi_urem59_load' <Predicate = (!exitcond464)> <Delay = 0.00>
ST_1 : Operation 21 [1/1] (0.00ns)   --->   "%phi_mul57_load = load i8 %phi_mul57"   --->   Operation 21 'load' 'phi_mul57_load' <Predicate = (!exitcond464)> <Delay = 0.00>
ST_1 : Operation 22 [1/1] (1.77ns)   --->   "%next_urem60 = add i4 %phi_urem59_load, i4 1"   --->   Operation 22 'add' 'next_urem60' <Predicate = (!exitcond464)> <Delay = 1.77> <CoreInst = "Adder">   --->   Core 1 'Adder' <Latency = 0> <II = 1> <Delay = 1.77> <FuncUnit> <Opcode : 'add' 'sub'> <InPorts = 2> <OutPorts = 1>
ST_1 : Operation 23 [1/1] (1.44ns)   --->   "%empty_131 = icmp_ult  i4 %next_urem60, i4 3"   --->   Operation 23 'icmp' 'empty_131' <Predicate = (!exitcond464)> <Delay = 1.44> <CoreInst = "Cmp">   --->   Core 9 'Cmp' <Latency = 0> <II = 1> <Delay = 1.44> <FuncUnit> <Opcode : 'icmp'> <InPorts = 2> <OutPorts = 1>
ST_1 : Operation 24 [1/1] (0.99ns)   --->   "%idx_urem61 = select i1 %empty_131, i4 %next_urem60, i4 0"   --->   Operation 24 'select' 'idx_urem61' <Predicate = (!exitcond464)> <Delay = 0.99> <CoreInst = "Sel">   --->   Core 73 'Sel' <Latency = 0> <II = 1> <Delay = 0.99> <FuncUnit> <Opcode : 'select'> <InPorts = 3> <OutPorts = 1>
ST_1 : Operation 25 [1/1] (2.11ns)   --->   "%next_mul58 = add i8 %phi_mul57_load, i8 22"   --->   Operation 25 'add' 'next_mul58' <Predicate = (!exitcond464)> <Delay = 2.11> <CoreInst = "Adder">   --->   Core 1 'Adder' <Latency = 0> <II = 1> <Delay = 2.11> <FuncUnit> <Opcode : 'add' 'sub'> <InPorts = 2> <OutPorts = 1>
ST_1 : Operation 26 [1/1] (0.00ns)   --->   "%tmp_s = partselect i2 @_ssdm_op_PartSelect.i2.i8.i32.i32, i8 %phi_mul57_load, i32 6, i32 7"   --->   Operation 26 'partselect' 'tmp_s' <Predicate = (!exitcond464)> <Delay = 0.00>
ST_1 : Operation 27 [1/1] (0.00ns)   --->   "%p_shl8 = bitconcatenate i6 @_ssdm_op_BitConcatenate.i6.i2.i4, i2 %tmp_s, i4 0"   --->   Operation 27 'bitconcatenate' 'p_shl8' <Predicate = (!exitcond464)> <Delay = 0.00>
ST_1 : Operation 28 [1/1] (0.00ns)   --->   "%p_shl8_cast = zext i6 %p_shl8"   --->   Operation 28 'zext' 'p_shl8_cast' <Predicate = (!exitcond464)> <Delay = 0.00>
ST_1 : Operation 29 [1/1] (0.00ns)   --->   "%p_shl9 = bitconcatenate i4 @_ssdm_op_BitConcatenate.i4.i2.i2, i2 %tmp_s, i2 0"   --->   Operation 29 'bitconcatenate' 'p_shl9' <Predicate = (!exitcond464)> <Delay = 0.00>
ST_1 : Operation 30 [1/1] (0.00ns)   --->   "%p_shl9_cast = zext i4 %p_shl9"   --->   Operation 30 'zext' 'p_shl9_cast' <Predicate = (!exitcond464)> <Delay = 0.00>
ST_1 : Operation 31 [1/1] (1.94ns)   --->   "%empty_132 = sub i7 %p_shl8_cast, i7 %p_shl9_cast"   --->   Operation 31 'sub' 'empty_132' <Predicate = (!exitcond464)> <Delay = 1.94> <CoreInst = "Adder">   --->   Core 1 'Adder' <Latency = 0> <II = 1> <Delay = 1.94> <FuncUnit> <Opcode : 'add' 'sub'> <InPorts = 2> <OutPorts = 1>
ST_1 : Operation 32 [1/1] (0.00ns)   --->   "%p_cast27 = sext i7 %empty_132"   --->   Operation 32 'sext' 'p_cast27' <Predicate = (!exitcond464)> <Delay = 0.00>
ST_1 : Operation 33 [1/1] (0.00ns)   --->   "%empty_133 = shl i4 %phi_urem59_load, i4 2"   --->   Operation 33 'shl' 'empty_133' <Predicate = (!exitcond464)> <Delay = 0.00>
ST_1 : Operation 34 [1/1] (0.00ns)   --->   "%p_cast28 = zext i4 %empty_133"   --->   Operation 34 'zext' 'p_cast28' <Predicate = (!exitcond464)> <Delay = 0.00>
ST_1 : Operation 35 [1/1] (0.00ns) (grouped into TernaryAdder)   --->   "%tmp3 = add i8 %p_cast27, i8 %p_cast28"   --->   Operation 35 'add' 'tmp3' <Predicate = (!exitcond464)> <Delay = 0.00> <CoreInst = "TAddSub">   --->   Core 10 'TAddSub' <Latency = 0> <II = 1> <Delay = 1.83> <IPBlock> <Opcode : 'add' 'sub'> <InPorts = 3> <OutPorts = 1> <Sync> <CReg>
ST_1 : Operation 36 [1/1] (3.67ns) (root node of TernaryAdder)   --->   "%empty_134 = add i8 %tmp3, i8 144"   --->   Operation 36 'add' 'empty_134' <Predicate = (!exitcond464)> <Delay = 3.67> <CoreInst = "TAddSub">   --->   Core 10 'TAddSub' <Latency = 0> <II = 1> <Delay = 1.83> <IPBlock> <Opcode : 'add' 'sub'> <InPorts = 3> <OutPorts = 1> <Sync> <CReg>
ST_1 : Operation 37 [1/1] (0.00ns)   --->   "%tmp_57 = partselect i6 @_ssdm_op_PartSelect.i6.i8.i32.i32, i8 %empty_134, i32 2, i32 7"   --->   Operation 37 'partselect' 'tmp_57' <Predicate = (!exitcond464)> <Delay = 0.00>
ST_1 : Operation 38 [1/1] (1.61ns)   --->   "%store_ln0 = store i4 %empty_130, i4 %loop_index26"   --->   Operation 38 'store' 'store_ln0' <Predicate = (!exitcond464)> <Delay = 1.61>
ST_1 : Operation 39 [1/1] (1.61ns)   --->   "%store_ln0 = store i8 %next_mul58, i8 %phi_mul57"   --->   Operation 39 'store' 'store_ln0' <Predicate = (!exitcond464)> <Delay = 1.61>
ST_1 : Operation 40 [1/1] (1.61ns)   --->   "%store_ln0 = store i4 %idx_urem61, i4 %phi_urem59"   --->   Operation 40 'store' 'store_ln0' <Predicate = (!exitcond464)> <Delay = 1.61>

State 2 <SV = 1> <Delay = 3.25>
ST_2 : Operation 41 [1/1] (0.00ns)   --->   "%p_cast54 = zext i6 %tmp_57"   --->   Operation 41 'zext' 'p_cast54' <Predicate = true> <Delay = 0.00>
ST_2 : Operation 42 [1/1] (0.00ns)   --->   "%weight_buf_addr = getelementptr i32 %weight_buf, i64 0, i64 %p_cast54"   --->   Operation 42 'getelementptr' 'weight_buf_addr' <Predicate = true> <Delay = 0.00>
ST_2 : Operation 43 [2/2] (3.25ns)   --->   "%weight_buf_load = load i7 %weight_buf_addr"   --->   Operation 43 'load' 'weight_buf_load' <Predicate = true> <Delay = 3.25> <CoreInst = "RAM">   --->   Core 82 'RAM' <Latency = 1> <II = 1> <Delay = 3.25> <Storage> <Opcode : 'load' 'store'> <Ports = 2> <Width = 32> <Depth = 72> <RAM>
ST_2 : Operation 50 [1/1] (0.00ns)   --->   "%ret_ln0 = ret"   --->   Operation 50 'ret' 'ret_ln0' <Predicate = (exitcond464)> <Delay = 0.00>

State 3 <SV = 2> <Delay = 5.40>
ST_3 : Operation 44 [1/1] (0.00ns)   --->   "%loop_index26_cast = zext i4 %loop_index26_load"   --->   Operation 44 'zext' 'loop_index26_cast' <Predicate = true> <Delay = 0.00>
ST_3 : Operation 45 [1/1] (0.00ns)   --->   "%weight_buf_4_addr = getelementptr i32 %weight_buf_4, i64 0, i64 %loop_index26_cast"   --->   Operation 45 'getelementptr' 'weight_buf_4_addr' <Predicate = true> <Delay = 0.00>
ST_3 : Operation 46 [1/2] (3.25ns)   --->   "%weight_buf_load = load i7 %weight_buf_addr"   --->   Operation 46 'load' 'weight_buf_load' <Predicate = true> <Delay = 3.25> <CoreInst = "RAM">   --->   Core 82 'RAM' <Latency = 1> <II = 1> <Delay = 3.25> <Storage> <Opcode : 'load' 'store'> <Ports = 2> <Width = 32> <Depth = 72> <RAM>
ST_3 : Operation 47 [1/1] (0.00ns)   --->   "%empty_135 = bitcast i32 %weight_buf_load"   --->   Operation 47 'bitcast' 'empty_135' <Predicate = true> <Delay = 0.00>
ST_3 : Operation 48 [1/1] (2.15ns)   --->   "%store_ln0 = store i32 %empty_135, i4 %weight_buf_4_addr"   --->   Operation 48 'store' 'store_ln0' <Predicate = true> <Delay = 2.15> <CoreInst = "RAM">   --->   Core 82 'RAM' <Latency = 1> <II = 1> <Delay = 2.15> <Storage> <Opcode : 'load' 'store'> <Ports = 2> <Width = 32> <Depth = 9> <RAM>
ST_3 : Operation 49 [1/1] (0.00ns)   --->   "%br_ln0 = br void %load-store-loop25"   --->   Operation 49 'br' 'br_ln0' <Predicate = true> <Delay = 0.00>


============================================================
+ Verbose Summary: Timing violations
============================================================
Target clock period: 10ns, clock uncertainty: 2.7ns.

 <State 1>: 5.82ns
The critical path consists of the following:
	'alloca' operation ('phi_urem59') [3]  (0 ns)
	'load' operation ('phi_urem59_load') on local variable 'phi_urem59' [19]  (0 ns)
	'add' operation ('next_urem60') [21]  (1.78 ns)
	'icmp' operation ('empty_131') [22]  (1.44 ns)
	'select' operation ('idx_urem61') [23]  (0.99 ns)
	'store' operation ('store_ln0') of variable 'idx_urem61' on local variable 'phi_urem59' [46]  (1.61 ns)

 <State 2>: 3.26ns
The critical path consists of the following:
	'getelementptr' operation ('weight_buf_addr') [40]  (0 ns)
	'load' operation ('weight_buf_load') on array 'weight_buf' [41]  (3.26 ns)

 <State 3>: 5.41ns
The critical path consists of the following:
	'load' operation ('weight_buf_load') on array 'weight_buf' [41]  (3.26 ns)
	'store' operation ('store_ln0') of variable 'empty_135' on array 'weight_buf_4' [43]  (2.15 ns)


============================================================
+ Verbose Summary: Binding
============================================================
N/A
* FSMD analyzer results:
  - Output states:
 - Input state : 
  - Chain level:
	State 1
	State 2
	State 3


============================================================
+ Verbose Summary: Datapath Resource usage 
============================================================
N/A
