

================================================================
== Vitis HLS Report for 'cnn_Pipeline_10'
================================================================
* Date:           Thu Apr 20 15:58:58 2023

* Version:        2022.2 (Build 3670227 on Oct 13 2022)
* Project:        Project
* Solution:       solution1 (Vivado IP Flow Target)
* Product family: artix7
* Target device:  xc7a200t-fbg484-1


================================================================
== Performance Estimates
================================================================
+ Timing: 
    * Summary: 
    +--------+----------+----------+------------+
    |  Clock |  Target  | Estimated| Uncertainty|
    +--------+----------+----------+------------+
    |ap_clk  |  10.00 ns|  6.095 ns|     2.70 ns|
    +--------+----------+----------+------------+

+ Latency: 
    * Summary: 
    +---------+---------+----------+----------+-----+-----+---------+
    |  Latency (cycles) |  Latency (absolute) |  Interval | Pipeline|
    |   min   |   max   |    min   |    max   | min | max |   Type  |
    +---------+---------+----------+----------+-----+-----+---------+
    |       12|       12|  0.120 us|  0.120 us|   12|   12|       no|
    +---------+---------+----------+----------+-----+-----+---------+

    + Detail: 
        * Instance: 
        N/A

        * Loop: 
        +----------+---------+---------+----------+-----------+-----------+------+----------+
        |          |  Latency (cycles) | Iteration|  Initiation Interval  | Trip |          |
        | Loop Name|   min   |   max   |  Latency |  achieved |   target  | Count| Pipelined|
        +----------+---------+---------+----------+-----------+-----------+------+----------+
        |- Loop 1  |       10|       10|         3|          1|          1|     9|       yes|
        +----------+---------+---------+----------+-----------+-----------+------+----------+



================================================================
== Utilization Estimates
================================================================
* Summary: 
+-----------------+---------+-----+--------+--------+-----+
|       Name      | BRAM_18K| DSP |   FF   |   LUT  | URAM|
+-----------------+---------+-----+--------+--------+-----+
|DSP              |        -|    -|       -|       -|    -|
|Expression       |        -|    -|       0|     110|    -|
|FIFO             |        -|    -|       -|       -|    -|
|Instance         |        -|    -|       -|       -|    -|
|Memory           |        -|    -|       -|       -|    -|
|Multiplexer      |        -|    -|       -|      72|    -|
|Register         |        -|    -|      36|       -|    -|
+-----------------+---------+-----+--------+--------+-----+
|Total            |        0|    0|      36|     182|    0|
+-----------------+---------+-----+--------+--------+-----+
|Available        |      730|  740|  269200|  134600|    0|
+-----------------+---------+-----+--------+--------+-----+
|Utilization (%)  |        0|    0|      ~0|      ~0|    0|
+-----------------+---------+-----+--------+--------+-----+

+ Detail: 
    * Instance: 
    N/A

    * DSP: 
    N/A

    * Memory: 
    N/A

    * FIFO: 
    N/A

    * Expression: 
    +-----------------------+----------+----+---+----+------------+------------+
    |     Variable Name     | Operation| DSP| FF| LUT| Bitwidth P0| Bitwidth P1|
    +-----------------------+----------+----+---+----+------------+------------+
    |empty_153_fu_123_p2    |         +|   0|  0|  13|           4|           1|
    |empty_157_fu_225_p2    |         +|   0|  0|  16|           9|           8|
    |next_mul73_fu_155_p2   |         +|   0|  0|  15|           8|           5|
    |next_urem75_fu_135_p2  |         +|   0|  0|  13|           4|           1|
    |tmp5_fu_215_p2         |         +|   0|  0|  15|           8|           8|
    |empty_155_fu_195_p2    |         -|   0|  0|  14|           7|           7|
    |empty_154_fu_141_p2    |      icmp|   0|  0|   9|           4|           2|
    |exitcond1_fu_117_p2    |      icmp|   0|  0|   9|           4|           4|
    |idx_urem76_fu_147_p3   |    select|   0|  0|   4|           1|           4|
    |ap_enable_pp0          |       xor|   0|  0|   2|           1|           2|
    +-----------------------+----------+----+---+----+------------+------------+
    |Total                  |          |   0|  0| 110|          50|          42|
    +-----------------------+----------+----+---+----+------------+------------+

    * Multiplexer: 
    +----------------------------------+----+-----------+-----+-----------+
    |               Name               | LUT| Input Size| Bits| Total Bits|
    +----------------------------------+----+-----------+-----+-----------+
    |ap_done_int                       |   9|          2|    1|          2|
    |ap_enable_reg_pp0_iter1           |   9|          2|    1|          2|
    |ap_sig_allocacmp_loop_index_load  |   9|          2|    4|          8|
    |ap_sig_allocacmp_phi_mul72_load   |   9|          2|    8|         16|
    |ap_sig_allocacmp_phi_urem74_load  |   9|          2|    4|          8|
    |loop_index_fu_68                  |   9|          2|    4|          8|
    |phi_mul72_fu_64                   |   9|          2|    8|         16|
    |phi_urem74_fu_60                  |   9|          2|    4|          8|
    +----------------------------------+----+-----------+-----+-----------+
    |Total                             |  72|         16|   34|         68|
    +----------------------------------+----+-----------+-----+-----------+

    * Register: 
    +---------------------------------------+---+----+-----+-----------+
    |                  Name                 | FF| LUT| Bits| Const Bits|
    +---------------------------------------+---+----+-----+-----------+
    |ap_CS_fsm                              |  1|   0|    1|          0|
    |ap_done_reg                            |  1|   0|    1|          0|
    |ap_enable_reg_pp0_iter1                |  1|   0|    1|          0|
    |ap_enable_reg_pp0_iter2                |  1|   0|    1|          0|
    |ap_loop_exit_ready_pp0_iter1_reg       |  1|   0|    1|          0|
    |loop_index_fu_68                       |  4|   0|    4|          0|
    |loop_index_load_reg_285                |  4|   0|    4|          0|
    |loop_index_load_reg_285_pp0_iter1_reg  |  4|   0|    4|          0|
    |phi_mul72_fu_64                        |  8|   0|    8|          0|
    |phi_urem74_fu_60                       |  4|   0|    4|          0|
    |tmp_60_reg_294                         |  7|   0|    7|          0|
    +---------------------------------------+---+----+-----+-----------+
    |Total                                  | 36|   0|   36|          0|
    +---------------------------------------+---+----+-----+-----------+



================================================================
== Interface
================================================================
* Summary: 
+-----------------------+-----+-----+------------+-----------------+--------------+
|       RTL Ports       | Dir | Bits|  Protocol  |  Source Object  |    C Type    |
+-----------------------+-----+-----+------------+-----------------+--------------+
|ap_clk                 |   in|    1|  ap_ctrl_hs|  cnn_Pipeline_10|  return value|
|ap_rst                 |   in|    1|  ap_ctrl_hs|  cnn_Pipeline_10|  return value|
|ap_start               |   in|    1|  ap_ctrl_hs|  cnn_Pipeline_10|  return value|
|ap_done                |  out|    1|  ap_ctrl_hs|  cnn_Pipeline_10|  return value|
|ap_idle                |  out|    1|  ap_ctrl_hs|  cnn_Pipeline_10|  return value|
|ap_ready               |  out|    1|  ap_ctrl_hs|  cnn_Pipeline_10|  return value|
|weight_buf_7_address0  |  out|    4|   ap_memory|     weight_buf_7|         array|
|weight_buf_7_ce0       |  out|    1|   ap_memory|     weight_buf_7|         array|
|weight_buf_7_we0       |  out|    1|   ap_memory|     weight_buf_7|         array|
|weight_buf_7_d0        |  out|   32|   ap_memory|     weight_buf_7|         array|
|weight_buf_address0    |  out|    7|   ap_memory|       weight_buf|         array|
|weight_buf_ce0         |  out|    1|   ap_memory|       weight_buf|         array|
|weight_buf_q0          |   in|   32|   ap_memory|       weight_buf|         array|
+-----------------------+-----+-----+------------+-----------------+--------------+

