

================================================================
== Vitis HLS Report for 'cnn_Pipeline_6'
================================================================
* Date:           Thu Apr 20 17:57:53 2023

* Version:        2022.2 (Build 3670227 on Oct 13 2022)
* Project:        Project
* Solution:       solution1 (Vivado IP Flow Target)
* Product family: artix7
* Target device:  xc7a200t-fbg484-1


================================================================
== Performance Estimates
================================================================
+ Timing: 
    * Summary: 
    +--------+----------+----------+------------+
    |  Clock |  Target  | Estimated| Uncertainty|
    +--------+----------+----------+------------+
    |ap_clk  |  10.00 ns|  7.234 ns|     2.70 ns|
    +--------+----------+----------+------------+

+ Latency: 
    * Summary: 
    +---------+---------+----------+----------+-----+-----+---------+
    |  Latency (cycles) |  Latency (absolute) |  Interval | Pipeline|
    |   min   |   max   |    min   |    max   | min | max |   Type  |
    +---------+---------+----------+----------+-----+-----+---------+
    |       11|       11|  0.110 us|  0.110 us|   11|   11|       no|
    +---------+---------+----------+----------+-----+-----+---------+

    + Detail: 
        * Instance: 
        N/A

        * Loop: 
        +----------+---------+---------+----------+-----------+-----------+------+----------+
        |          |  Latency (cycles) | Iteration|  Initiation Interval  | Trip |          |
        | Loop Name|   min   |   max   |  Latency |  achieved |   target  | Count| Pipelined|
        +----------+---------+---------+----------+-----------+-----------+------+----------+
        |- Loop 1  |        9|        9|         2|          1|          1|     9|       yes|
        +----------+---------+---------+----------+-----------+-----------+------+----------+



================================================================
== Utilization Estimates
================================================================
* Summary: 
+-----------------+---------+-----+--------+--------+-----+
|       Name      | BRAM_18K| DSP |   FF   |   LUT  | URAM|
+-----------------+---------+-----+--------+--------+-----+
|DSP              |        -|    -|       -|       -|    -|
|Expression       |        -|    -|       0|     108|    -|
|FIFO             |        -|    -|       -|       -|    -|
|Instance         |        -|    -|       -|       -|    -|
|Memory           |        -|    -|       -|       -|    -|
|Multiplexer      |        -|    -|       -|      72|    -|
|Register         |        -|    -|      23|       -|    -|
+-----------------+---------+-----+--------+--------+-----+
|Total            |        0|    0|      23|     180|    0|
+-----------------+---------+-----+--------+--------+-----+
|Available        |      730|  740|  269200|  134600|    0|
+-----------------+---------+-----+--------+--------+-----+
|Utilization (%)  |        0|    0|      ~0|      ~0|    0|
+-----------------+---------+-----+--------+--------+-----+

+ Detail: 
    * Instance: 
    N/A

    * DSP: 
    N/A

    * Memory: 
    N/A

    * FIFO: 
    N/A

    * Expression: 
    +-----------------------+----------+----+---+----+------------+------------+
    |     Variable Name     | Operation| DSP| FF| LUT| Bitwidth P0| Bitwidth P1|
    +-----------------------+----------+----+---+----+------------+------------+
    |empty_136_fu_120_p2    |         +|   0|  0|  13|           4|           1|
    |empty_140_fu_226_p2    |         +|   0|  0|  15|           8|           8|
    |next_mul53_fu_152_p2   |         +|   0|  0|  15|           8|           5|
    |next_urem55_fu_132_p2  |         +|   0|  0|  13|           4|           1|
    |tmp2_fu_212_p2         |         +|   0|  0|  14|           6|           6|
    |empty_138_fu_192_p2    |         -|   0|  0|  14|           7|           7|
    |empty_137_fu_138_p2    |      icmp|   0|  0|   9|           4|           2|
    |exitcond475_fu_114_p2  |      icmp|   0|  0|   9|           4|           4|
    |idx_urem56_fu_144_p3   |    select|   0|  0|   4|           1|           4|
    |ap_enable_pp0          |       xor|   0|  0|   2|           1|           2|
    +-----------------------+----------+----+---+----+------------+------------+
    |Total                  |          |   0|  0| 108|          47|          40|
    +-----------------------+----------+----+---+----+------------+------------+

    * Multiplexer: 
    +------------------------------------+----+-----------+-----+-----------+
    |                Name                | LUT| Input Size| Bits| Total Bits|
    +------------------------------------+----+-----------+-----+-----------+
    |ap_done_int                         |   9|          2|    1|          2|
    |ap_enable_reg_pp0_iter1             |   9|          2|    1|          2|
    |ap_sig_allocacmp_loop_index29_load  |   9|          2|    4|          8|
    |ap_sig_allocacmp_phi_mul52_load     |   9|          2|    8|         16|
    |ap_sig_allocacmp_phi_urem54_load    |   9|          2|    4|          8|
    |loop_index29_fu_66                  |   9|          2|    4|          8|
    |phi_mul52_fu_62                     |   9|          2|    8|         16|
    |phi_urem54_fu_58                    |   9|          2|    4|          8|
    +------------------------------------+----+-----------+-----+-----------+
    |Total                               |  72|         16|   34|         68|
    +------------------------------------+----+-----------+-----+-----------+

    * Register: 
    +---------------------------+---+----+-----+-----------+
    |            Name           | FF| LUT| Bits| Const Bits|
    +---------------------------+---+----+-----+-----------+
    |ap_CS_fsm                  |  1|   0|    1|          0|
    |ap_done_reg                |  1|   0|    1|          0|
    |ap_enable_reg_pp0_iter1    |  1|   0|    1|          0|
    |loop_index29_fu_66         |  4|   0|    4|          0|
    |loop_index29_load_reg_292  |  4|   0|    4|          0|
    |phi_mul52_fu_62            |  8|   0|    8|          0|
    |phi_urem54_fu_58           |  4|   0|    4|          0|
    +---------------------------+---+----+-----+-----------+
    |Total                      | 23|   0|   23|          0|
    +---------------------------+---+----+-----+-----------+



================================================================
== Interface
================================================================
* Summary: 
+-----------------------+-----+-----+------------+----------------+--------------+
|       RTL Ports       | Dir | Bits|  Protocol  |  Source Object |    C Type    |
+-----------------------+-----+-----+------------+----------------+--------------+
|ap_clk                 |   in|    1|  ap_ctrl_hs|  cnn_Pipeline_6|  return value|
|ap_rst                 |   in|    1|  ap_ctrl_hs|  cnn_Pipeline_6|  return value|
|ap_start               |   in|    1|  ap_ctrl_hs|  cnn_Pipeline_6|  return value|
|ap_done                |  out|    1|  ap_ctrl_hs|  cnn_Pipeline_6|  return value|
|ap_idle                |  out|    1|  ap_ctrl_hs|  cnn_Pipeline_6|  return value|
|ap_ready               |  out|    1|  ap_ctrl_hs|  cnn_Pipeline_6|  return value|
|weight_buf_3_address0  |  out|    4|   ap_memory|    weight_buf_3|         array|
|weight_buf_3_ce0       |  out|    1|   ap_memory|    weight_buf_3|         array|
|weight_buf_3_we0       |  out|    1|   ap_memory|    weight_buf_3|         array|
|weight_buf_3_d0        |  out|   32|   ap_memory|    weight_buf_3|         array|
|weight_buf_address0    |  out|    7|   ap_memory|      weight_buf|         array|
|weight_buf_ce0         |  out|    1|   ap_memory|      weight_buf|         array|
|weight_buf_q0          |   in|   32|   ap_memory|      weight_buf|         array|
+-----------------------+-----+-----+------------+----------------+--------------+

