

================================================================
== Vitis HLS Report for 'max_pooling_10'
================================================================
* Date:           Thu Apr 20 15:59:09 2023

* Version:        2022.2 (Build 3670227 on Oct 13 2022)
* Project:        Project
* Solution:       solution1 (Vivado IP Flow Target)
* Product family: artix7
* Target device:  xc7a200t-fbg484-1


================================================================
== Performance Estimates
================================================================
+ Timing: 
    * Summary: 
    +--------+----------+----------+------------+
    |  Clock |  Target  | Estimated| Uncertainty|
    +--------+----------+----------+------------+
    |ap_clk  |  10.00 ns|  6.869 ns|     2.70 ns|
    +--------+----------+----------+------------+

+ Latency: 
    * Summary: 
    +---------+---------+----------+----------+-----+-----+---------+
    |  Latency (cycles) |  Latency (absolute) |  Interval | Pipeline|
    |   min   |   max   |    min   |    max   | min | max |   Type  |
    +---------+---------+----------+----------+-----+-----+---------+
    |      792|      792|  7.920 us|  7.920 us|  792|  792|       no|
    +---------+---------+----------+----------+-----+-----+---------+

    + Detail: 
        * Instance: 
        N/A

        * Loop: 
        +-------------------------------+---------+---------+----------+-----------+-----------+------+----------+
        |                               |  Latency (cycles) | Iteration|  Initiation Interval  | Trip |          |
        |           Loop Name           |   min   |   max   |  Latency |  achieved |   target  | Count| Pipelined|
        +-------------------------------+---------+---------+----------+-----------+-----------+------+----------+
        |- pool_for_rows_pool_for_cols  |      790|      790|        11|          4|          4|   196|       yes|
        +-------------------------------+---------+---------+----------+-----------+-----------+------+----------+



================================================================
== Utilization Estimates
================================================================
* Summary: 
+-----------------+---------+-----+--------+--------+-----+
|       Name      | BRAM_18K| DSP |   FF   |   LUT  | URAM|
+-----------------+---------+-----+--------+--------+-----+
|DSP              |        -|    -|       -|       -|    -|
|Expression       |        -|    -|       0|     347|    -|
|FIFO             |        -|    -|       -|       -|    -|
|Instance         |        -|    -|       -|       -|    -|
|Memory           |        -|    -|       -|       -|    -|
|Multiplexer      |        -|    -|       -|     144|    -|
|Register         |        -|    -|     438|       -|    -|
+-----------------+---------+-----+--------+--------+-----+
|Total            |        0|    0|     438|     491|    0|
+-----------------+---------+-----+--------+--------+-----+
|Available        |      730|  740|  269200|  134600|    0|
+-----------------+---------+-----+--------+--------+-----+
|Utilization (%)  |        0|    0|      ~0|      ~0|    0|
+-----------------+---------+-----+--------+--------+-----+

+ Detail: 
    * Instance: 
    +----------------------------------+-----------------------------+---------+----+---+----+-----+
    |             Instance             |            Module           | BRAM_18K| DSP| FF| LUT| URAM|
    +----------------------------------+-----------------------------+---------+----+---+----+-----+
    |fcmp_32ns_32ns_1_2_no_dsp_1_U322  |fcmp_32ns_32ns_1_2_no_dsp_1  |        0|   0|  0|   0|    0|
    +----------------------------------+-----------------------------+---------+----+---+----+-----+
    |Total                             |                             |        0|   0|  0|   0|    0|
    +----------------------------------+-----------------------------+---------+----+---+----+-----+

    * DSP: 
    N/A

    * Memory: 
    N/A

    * FIFO: 
    N/A

    * Expression: 
    +----------------------------------+----------+----+---+----+------------+------------+
    |           Variable Name          | Operation| DSP| FF| LUT| Bitwidth P0| Bitwidth P1|
    +----------------------------------+----------+----+---+----+------------+------------+
    |add_ln15_fu_108_p2                |         +|   0|  0|  15|           8|           1|
    |and_ln28_37_fu_224_p2             |       and|   0|  0|   2|           1|           1|
    |and_ln28_38_fu_230_p2             |       and|   0|  0|   2|           1|           1|
    |and_ln28_39_fu_285_p2             |       and|   0|  0|   2|           1|           1|
    |and_ln28_40_fu_291_p2             |       and|   0|  0|   2|           1|           1|
    |and_ln28_41_fu_346_p2             |       and|   0|  0|   2|           1|           1|
    |and_ln28_42_fu_352_p2             |       and|   0|  0|   2|           1|           1|
    |and_ln28_fu_147_p2                |       and|   0|  0|   2|           1|           1|
    |ap_block_pp0_stage0_00001         |       and|   0|  0|   2|           1|           1|
    |ap_block_pp0_stage1_00001         |       and|   0|  0|   2|           1|           1|
    |ap_block_state2_pp0_stage1_iter0  |       and|   0|  0|   2|           1|           1|
    |ap_condition_134                  |       and|   0|  0|   2|           1|           1|
    |grp_fu_84_p2                      |      icmp|   0|  0|  11|           8|           2|
    |icmp_ln15_fu_102_p2               |      icmp|   0|  0|  11|           8|           7|
    |icmp_ln28_79_fu_128_p2            |      icmp|   0|  0|  15|          23|           1|
    |icmp_ln28_81_fu_137_p2            |      icmp|   0|  0|  15|          23|           1|
    |icmp_ln28_82_fu_206_p2            |      icmp|   0|  0|  11|           8|           2|
    |icmp_ln28_83_fu_212_p2            |      icmp|   0|  0|  15|          23|           1|
    |icmp_ln28_85_fu_164_p2            |      icmp|   0|  0|  15|          23|           1|
    |icmp_ln28_86_fu_267_p2            |      icmp|   0|  0|  11|           8|           2|
    |icmp_ln28_87_fu_273_p2            |      icmp|   0|  0|  15|          23|           1|
    |icmp_ln28_89_fu_179_p2            |      icmp|   0|  0|  15|          23|           1|
    |icmp_ln28_90_fu_328_p2            |      icmp|   0|  0|  11|           8|           2|
    |icmp_ln28_91_fu_334_p2            |      icmp|   0|  0|  15|          23|           1|
    |ap_block_pp0_stage2_00001         |        or|   0|  0|   2|           1|           1|
    |ap_block_pp0_stage3_11001         |        or|   0|  0|   2|           1|           1|
    |ap_block_state1_pp0_stage0_iter0  |        or|   0|  0|   2|           1|           1|
    |or_ln28_37_fu_202_p2              |        or|   0|  0|   2|           1|           1|
    |or_ln28_38_fu_218_p2              |        or|   0|  0|   2|           1|           1|
    |or_ln28_39_fu_263_p2              |        or|   0|  0|   2|           1|           1|
    |or_ln28_40_fu_279_p2              |        or|   0|  0|   2|           1|           1|
    |or_ln28_41_fu_324_p2              |        or|   0|  0|   2|           1|           1|
    |or_ln28_42_fu_340_p2              |        or|   0|  0|   2|           1|           1|
    |or_ln28_fu_143_p2                 |        or|   0|  0|   2|           1|           1|
    |pool_43_fu_153_p3                 |    select|   0|  0|  32|           1|          32|
    |pool_45_fu_236_p3                 |    select|   0|  0|  32|           1|          32|
    |pool_47_fu_297_p3                 |    select|   0|  0|  32|           1|          32|
    |pool_49_fu_358_p3                 |    select|   0|  0|  32|           1|          32|
    |ap_enable_pp0                     |       xor|   0|  0|   2|           1|           2|
    +----------------------------------+----------+----+---+----+------------+------------+
    |Total                             |          |   0|  0| 347|         235|         174|
    +----------------------------------+----------+----+---+----+------------+------------+

    * Multiplexer: 
    +--------------------------------------+----+-----------+-----+-----------+
    |                 Name                 | LUT| Input Size| Bits| Total Bits|
    +--------------------------------------+----+-----------+-----+-----------+
    |ap_NS_fsm                             |  21|          5|    1|          5|
    |ap_done_int                           |   9|          2|    1|          2|
    |ap_enable_reg_pp0_iter0               |   9|          2|    1|          2|
    |ap_enable_reg_pp0_iter1               |   9|          2|    1|          2|
    |ap_enable_reg_pp0_iter2               |   9|          2|    1|          2|
    |ap_loop_exit_ready_pp0_iter1_reg      |   9|          2|    1|          2|
    |ap_sig_allocacmp_indvar_flatten_load  |   9|          2|    8|         16|
    |conv_to_pool_streams_3_blk_n          |   9|          2|    1|          2|
    |grp_fu_69_p0                          |  21|          5|   32|        160|
    |grp_fu_69_p1                          |  21|          5|   32|        160|
    |indvar_flatten_fu_52                  |   9|          2|    8|         16|
    |pool_to_flat_streams_3_blk_n          |   9|          2|    1|          2|
    +--------------------------------------+----+-----------+-----+-----------+
    |Total                                 | 144|         33|   88|        371|
    +--------------------------------------+----+-----------+-----+-----------+

    * Register: 
    +-----------------------------------------------------+----+----+-----+-----------+
    |                         Name                        | FF | LUT| Bits| Const Bits|
    +-----------------------------------------------------+----+----+-----+-----------+
    |ap_CS_fsm                                            |   4|   0|    4|          0|
    |ap_done_reg                                          |   1|   0|    1|          0|
    |ap_enable_reg_pp0_iter0_reg                          |   1|   0|    1|          0|
    |ap_enable_reg_pp0_iter1                              |   1|   0|    1|          0|
    |ap_enable_reg_pp0_iter2                              |   1|   0|    1|          0|
    |ap_loop_exit_ready_pp0_iter1_reg                     |   1|   0|    1|          0|
    |conv_to_pool_streams_3_read_2_reg_417                |  32|   0|   32|          0|
    |conv_to_pool_streams_3_read_3_reg_438                |  32|   0|   32|          0|
    |conv_to_pool_streams_3_read_3_reg_438_pp0_iter1_reg  |  32|   0|   32|          0|
    |icmp_ln15_reg_375                                    |   1|   0|    1|          0|
    |icmp_ln15_reg_375_pp0_iter1_reg                      |   1|   0|    1|          0|
    |icmp_ln28_79_reg_395                                 |   1|   0|    1|          0|
    |icmp_ln28_80_reg_400                                 |   1|   0|    1|          0|
    |icmp_ln28_81_reg_405                                 |   1|   0|    1|          0|
    |icmp_ln28_84_reg_422                                 |   1|   0|    1|          0|
    |icmp_ln28_84_reg_422_pp0_iter1_reg                   |   1|   0|    1|          0|
    |icmp_ln28_85_reg_427                                 |   1|   0|    1|          0|
    |icmp_ln28_85_reg_427_pp0_iter1_reg                   |   1|   0|    1|          0|
    |icmp_ln28_88_reg_443                                 |   1|   0|    1|          0|
    |icmp_ln28_88_reg_443_pp0_iter1_reg                   |   1|   0|    1|          0|
    |icmp_ln28_89_reg_448                                 |   1|   0|    1|          0|
    |icmp_ln28_89_reg_448_pp0_iter1_reg                   |   1|   0|    1|          0|
    |icmp_ln28_reg_384                                    |   1|   0|    1|          0|
    |indvar_flatten_fu_52                                 |   8|   0|    8|          0|
    |pool_43_reg_410                                      |  32|   0|   32|          0|
    |pool_45_reg_453                                      |  32|   0|   32|          0|
    |pool_47_reg_466                                      |  32|   0|   32|          0|
    |pool_49_reg_479                                      |  32|   0|   32|          0|
    |reg_90                                               |  32|   0|   32|          0|
    |trunc_ln28_reg_379                                   |  23|   0|   23|          0|
    |value_19_reg_432                                     |  32|   0|   32|          0|
    |value_20_reg_460                                     |  32|   0|   32|          0|
    |value_21_reg_473                                     |  32|   0|   32|          0|
    |value_reg_389                                        |  32|   0|   32|          0|
    +-----------------------------------------------------+----+----+-----+-----------+
    |Total                                                | 438|   0|  438|          0|
    +-----------------------------------------------------+----+----+-----+-----------+



================================================================
== Interface
================================================================
* Summary: 
+---------------------------------------+-----+-----+------------+------------------------+--------------+
|               RTL Ports               | Dir | Bits|  Protocol  |      Source Object     |    C Type    |
+---------------------------------------+-----+-----+------------+------------------------+--------------+
|ap_clk                                 |   in|    1|  ap_ctrl_hs|          max_pooling.10|  return value|
|ap_rst                                 |   in|    1|  ap_ctrl_hs|          max_pooling.10|  return value|
|ap_start                               |   in|    1|  ap_ctrl_hs|          max_pooling.10|  return value|
|ap_done                                |  out|    1|  ap_ctrl_hs|          max_pooling.10|  return value|
|ap_continue                            |   in|    1|  ap_ctrl_hs|          max_pooling.10|  return value|
|ap_idle                                |  out|    1|  ap_ctrl_hs|          max_pooling.10|  return value|
|ap_ready                               |  out|    1|  ap_ctrl_hs|          max_pooling.10|  return value|
|conv_to_pool_streams_3_dout            |   in|   32|     ap_fifo|  conv_to_pool_streams_3|       pointer|
|conv_to_pool_streams_3_num_data_valid  |   in|   11|     ap_fifo|  conv_to_pool_streams_3|       pointer|
|conv_to_pool_streams_3_fifo_cap        |   in|   11|     ap_fifo|  conv_to_pool_streams_3|       pointer|
|conv_to_pool_streams_3_empty_n         |   in|    1|     ap_fifo|  conv_to_pool_streams_3|       pointer|
|conv_to_pool_streams_3_read            |  out|    1|     ap_fifo|  conv_to_pool_streams_3|       pointer|
|pool_to_flat_streams_3_din             |  out|   32|     ap_fifo|  pool_to_flat_streams_3|       pointer|
|pool_to_flat_streams_3_num_data_valid  |   in|    9|     ap_fifo|  pool_to_flat_streams_3|       pointer|
|pool_to_flat_streams_3_fifo_cap        |   in|    9|     ap_fifo|  pool_to_flat_streams_3|       pointer|
|pool_to_flat_streams_3_full_n          |   in|    1|     ap_fifo|  pool_to_flat_streams_3|       pointer|
|pool_to_flat_streams_3_write           |  out|    1|     ap_fifo|  pool_to_flat_streams_3|       pointer|
+---------------------------------------+-----+-----+------------+------------------------+--------------+

